/work/spore                   │› fix the flaky tui test                                             
◐ c9d0 lint audit         disc│  Looking at tui_test.go…                                            
◐ a1b2 fix flaky test     chat│▸ read {"path":"cmd/spore/tui_test.go"}  ✓ 3 lines                   
└ ○ 7f3e audit the tests      │▸ bash {"cmd":"go test ./cmd/spore"}  ✗ exit 1                       
/work/web                     │                                                                     
○ e5f6 notes              chat│                                                                     
                              │                                                                     
                              │                                                                     
                              │                                                                     
                              │                                                                     
                              │                                                                     
                              │                                                                     
                              │                                                                     
                              │                                                                     
                              │                                                                     
                              │                                                                     
                              │                                                                     
                              │╭───────────────────────────────────────────────────────────────────╮
                              ││ spore wants to run fs.write                                       │
                              ││ matched policy rule "fs.write.ask"                                │
                              ││ {                                                                 │
                              ││   "path": "cmd/spore/tui_test.go"                                 │
                              ││ }                                                                 │
                              ││ y allow once  ·  n deny  ·  s allow fs.write this session  ·  p   │
                              ││ always allow fs.write:cmd/spore/*                                 │
                              │╰───────────────────────────────────────────────────────────────────╯
                              │╭───────────────────────────────────────────────────────────────────╮
                              ││ Ask spore something…                                              │
                              │╰───────────────────────────────────────────────────────────────────╯
 NORMAL  a1b2 · chat · /work/spore                       sonnet-5 · ctx 38.0k · 2 blocked · esc stop