 spore   chat  skills  agents  usage  jobs  refinements  mcp  policy  memory             ◐ 2 blocked
╭─ sessions ───────────────────╮┏━ a1b2 fix flaky test · waiting on you ━━━━━━━━━━━━━━━━━━━━━━━━━━━┓
│▸ jobs                        │┃ chat · /work/spore · sonnet-5 · ctx 38.0k                        ┃
│/work/spore                   │┃ › fix the flaky tui test                                         ┃
│◐ c9d0 lint audit         disc│┃   Looking at tui_test.go…                                        ┃
│◐ a1b2 fix flaky test     chat│┃ ▸ read {"path":"cmd/spore/tui_test.go"}                ✓ 3 lines ┃
│└ ○ 7f3e audit the tests      │┃ ▸ ╔══════════════════════════════════════════════════════════╗ 1 ┃
│/work/web                     │┃   ║                                                          ║   ┃
│○ e5f6 notes              chat│┃   ║  spore wants to run fs.write                             ║   ┃
│                              │┃   ║  matched ask  fs.write.ask                               ║   ┃
│                              │┃   ║                                                          ║   ┃
│                              │┃   ║   {                                                      ║   ┃
│                              │┃   ║     "path": "cmd/spore/tui_test.go"                      ║   ┃
│                              │┃   ║   }                                                      ║   ┃
│                              │┃   ║                                                          ║   ┃
│                              │┃   ║  alt+y allow once   alt+n deny   alt+s allow fs.write …  ║   ┃
│                              │┃   ║  alt+p allow once + propose fs.write:cmd/spore/*         ║   ┃
│                              │┃   ║                                                          ║   ┃
│                              │┃   ║  waiting (no timeout)                                    ║   ┃
│                              │┃   ║                                                          ║   ┃
│                              │┃   ╚══════════════════════════════════════════════════════════╝   ┃
│                              │┃                                                                  ┃
│                              │┃                                                                  ┃
│                              │┃                                                                  ┃
│                              │┃ ╭──────────────────────────────────────────────────────────────╮ ┃
│                              │┃ │ Ask spore something…                                         │ ┃
│                              │┃ ╰──────────────────────────────────────────────────────────────╯ ┃
│● working  ◐ blocked  ○ idle  │┃ answer with alt+y/n/s/p, or ctrl+o then y/n/s/p                  ┃
╰──────────────────────────────╯┗━━━━━━━━━━━━━━━━━━━━━━━━━━━━━━━━━━━━━━━━━━━━━━━━━━━━━━━━━━━━━━━━━━┛
 INSERT  alt+y/n/s/p answer  enter send  ctrl+j newline  esc stop  esc esc history  ctrl+o normal   