 spore   chat  skills S  agents A  usage U  jobs J  refinements R                        ◐ 2 blocked
╭─ sessions ───────────────────╮┏━ a1b2 fix flaky test ━━━━━━━━━━━━━━━━━━━━━━━━━━━━━━━━━━━━━━━━━━━━┓
│▸ jobs                        │┃ chat · /work/spore · sonnet-5 · ctx 38.0k                        ┃
│/work/spore                   │┃ › fix the flaky tui test                                         ┃
│◐ c9d0 lint audit         disc│┃   Looking at tui_test.go…                                        ┃
│◐ a1b2 fix flaky test     chat│┃ ▸ read {"path":"cmd/spore/tui_test.go"}                ✓ 3 lines ┃
│└ ○ 7f3e audit the tests      │┃ ▸ ╔══════════════════════════════════════════════════════════╗ 1 ┃
│/work/web                     │┃   ║                                                          ║   ┃
│○ e5f6 notes              chat│┃   ║  spore wants to run fs.write                             ║   ┃
│                              │┃   ║  matched ask  fs.write.ask                               ║   ┃
│                              │┃   ║                                                          ║   ┃
│                             ┏━━━━━━━━━━━━━━━━━━━━━━━━━━━━━━━━━━━━━━┓                         ║   ┃
│                             ┃                                      ┃go"                      ║   ┃
│                             ┃  Allow fs.write for this session?    ┃                         ║   ┃
│                             ┃  matched policy rule "fs.write.ask"  ┃                         ║   ┃
│                             ┃                                      ┃ fs.write this session   ║   ┃
│                             ┃  y confirm  esc cancel               ┃re/*                     ║   ┃
│                             ┃                                      ┃                         ║   ┃
│                             ┗━━━━━━━━━━━━━━━━━━━━━━━━━━━━━━━━━━━━━━┛                         ║   ┃
│                              │┃   ║                                                          ║   ┃
│                              │┃   ╚══════════════════════════════════════════════════════════╝   ┃
│                              │┃                                                                  ┃
│                              │┃                                                                  ┃
│                              │┃                                                                  ┃
│                              │┃                                                                  ┃
│                              │┃ ╭──────────────────────────────────────────────────────────────╮ ┃
│                              │┃ │ Ask spore something…  (i to type · : for commands)           │ ┃
│● working  ◐ blocked  ○ idle  │┃ ╰──────────────────────────────────────────────────────────────╯ ┃
╰──────────────────────────────╯┗━━━━━━━━━━━━━━━━━━━━━━━━━━━━━━━━━━━━━━━━━━━━━━━━━━━━━━━━━━━━━━━━━━┛
 CONFIRM  y confirm  esc cancel                                                                     