 spore   chat  skills  agents  usage  jobs  refinements  mcp  policy  memory             ◐ 2 blocked
╭─ sessions ───────────────────╮┏━ a1b2 fix flaky test · waiting on you ━━━━━━━━━━━━━━━━━━━━━━━━━━━┓
│▸ jobs                        │┃ chat · /work/spore · sonnet-5 · ctx 38.0k                        ┃
│/work/spore                   │┃ › fix the flaky tui test                                         ┃
│◐ c9d0 lint audit         disc│┃   Looking at tui_test.go…                                        ┃
│◐ a1b2 fix flaky test     chat│┃ ▸ read {"path":"cmd/spore/tui_test.go"}                ✓ 3 lines ┃
│└ ◐ 7f3e audit the tests      │┃ ▸ ╔══════════════════════════════════════════════════════════╗ 1 ┃
│/work/web                     │┃   ║                                                          ║   ┃
│○ e5f6 notes              chat│┃   ║  spore wants to run shell_exec                           ║   ┃
│                              │┃   ║  from sub-agent 7f3e · profile local                     ║   ┃
│                              │┃   ║  matched ask  shell_exec                                 ║   ┃
│                              │┃   ║                                                          ║   ┃
│                              │┃   ║   $ go test -race -count=50 ./internal/tui/...           ║   ┃
│                              │┃   ║   timeout 300s                                           ║   ┃
│                              │┃   ║                                                          ║   ┃
│                              │┃   ║  y allow once   n deny   s allow shell_exec this sessi…  ║   ┃
│                              │┃   ║  p always allow shell_exec(command matches go test*)     ║   ┃
│                              │┃   ║                                                          ║   ┃
│                              │┃   ║  auto-deny in 4:32                                       ║   ┃
│                              │┃   ║                                                          ║   ┃
│                              │┃   ╚══════════════════════════════════════════════════════════╝   ┃
│                              │┃                                                                  ┃
│                              │┃                                                                  ┃
│                              │┃                                                                  ┃
│                              │┃                                                                  ┃
│                              │┃ ╭──────────────────────────────────────────────────────────────╮ ┃
│                              │┃ │ Ask spore something…  (i to type · : for commands)           │ ┃
│● working  ◐ blocked  ○ idle  │┃ ╰──────────────────────────────────────────────────────────────╯ ┃
╰──────────────────────────────╯┗━━━━━━━━━━━━━━━━━━━━━━━━━━━━━━━━━━━━━━━━━━━━━━━━━━━━━━━━━━━━━━━━━━┛
 APPROVAL  y once  n deny  s session  p pattern  b next blocked (7f3e)                      esc stop