 spore   chat  skills  agents  usage  jobs  refinements  mcp  policy  memory    
┏━ a1b2 untitled ━━━━━━━━━━━━━━━━━━━━━━━━━━━━━━━━━━━━━━━━━━━━━━━━━━━━━━━━━━━━━━┓
┃ unknown                                                                      ┃
┃                                                                              ┃
┃                                                                              ┃
┃                                                                              ┃
┃                                                                              ┃
┃                                                                              ┃
┃                                                                              ┃
┃                                                                              ┃
┃                                                                              ┃
┃                                                                              ┃
┃                                                                              ┃
┃                                                                              ┃
┃                                                                              ┃
┃                                                                              ┃
┃                                                                              ┃
┃                                                                              ┃
┃                                                                              ┃
┃ ╭──────────────────────────────────────────────────────────────────────────╮ ┃
┃ │ Ask spore something…                                                     │ ┃
┃ ╰──────────────────────────────────────────────────────────────────────────╯ ┃
┗━━━━━━━━━━━━━━━━━━━━━━━━━━━━━━━━━━━━━━━━━━━━━━━━━━━━━━━━━━━━━━━━━━━━━━━━━━━━━━┛
 INSERT  enter send  ctrl+j newline  esc esc history  ctrl+o normal             