 spore   chat  skills S  agents A  usage U  jobs J                                         1 blocked
╭─ sessions ───────────────────╮┏━ a1b2 fix flaky test ━━━━━━━━━━━━━━━━━━━━━━━━━━━━━━━━━━━━━━━━━━━━┓
│▸ jobs  2                     │┃ chat · /work/spore · sonnet-5 · ctx 38.0k                        ┃
│/work/spore                   │┃ › fix the flaky tui test                                         ┃
│○ a1b2 fix flaky test     chat│┃   Looking at tui_test.go…                                        ┃
│└ ○ 7f3e audit the tests      │┃ ▸ read {"path":"cmd/spore/tui_test.go"}  ✓ 3 lines               ┃
│◐ c9d0 lint audit         disc│┃ ▸ bash {"cmd":"go test ./cmd/spore"}  ✗ exit 1                   ┃
│/work/web                     │┃                                                                  ┃
│○ e5f6 notes              chat│┃                                                                  ┃
│                              │┃                                                                  ┃
│                              │┃                                                                  ┃
│                              │┃                                                                  ┃
│                              │┃                                                                  ┃
│                              │┃                                                                  ┃
│                              │┃                                                                  ┃
│                              │┃                                                                  ┃
│                              │┃                                                                  ┃
│                              │┃                                                                  ┃
│                              │┃                                                                  ┃
│                              │┃ ╭──────────────────────────────────────────────────────────────╮ ┃
│                              │┃ │ Ask spore something…                                         │ ┃
│                              │┃ ╰──────────────────────────────────────────────────────────────╯ ┃
╰──────────────────────────────╯┗━━━━━━━━━━━━━━━━━━━━━━━━━━━━━━━━━━━━━━━━━━━━━━━━━━━━━━━━━━━━━━━━━━┛
 INSERT  <enter> send  <ctrl+j> newline  <esc> normal                                               