 spore   chat  skills S  agents A  usage U  jobs J                                                                                                     1 blocked
╭─ sessions ───────────────────╮┏━ a1b2 fix flaky test ━━━━━━━━━━━━━━━━━━━━━━━━━━━━━━━━━━━━━━━━━━━━━━━━━━━━━━━━━━━━━━━━━━━━━━━━━━━━━━━━━━━━━━━━━━━━━━━━━━━━━━━━┓
│▸ jobs                        │┃ chat · /work/spore · sonnet-5 · ctx 38.0k                                                                                    ┃
│/work/spore                   │┃ › fix the flaky tui test                                                                                                     ┃
│◐ c9d0 lint audit         disc│┃   Looking at tui_test.go…                                                                                                    ┃
│○ a1b2 fix flaky test     chat│┃ ▸ read {"path":"cmd/spore/tui_test.go"}  ✓ 3 lines                                                                           ┃
│└ ○ 7f3e audit the tests      │┃ ▸ bash {"cmd":"go test ./cmd/spore"}  ✗ exit 1                                                                               ┃
│/work/web                     │┃                                                                                                                              ┃
│○ e5f6 notes              chat│┃                                                                                                                              ┃
│                              │┃                                                                                                                              ┃
│                              │┃                                                                                                                              ┃
│                              │┃                                                                                                                              ┃
│                              │┃                                                                                                                              ┃
│                              │┃                                                                                                                              ┃
│                              │┃                                                                                                                              ┃
│                              │┃                                                                                                                              ┃
│                              │┃                                                                                                                              ┃
│                              │┃                                                                                                                              ┃
│                              │┃                                                                                                                              ┃
│                              │┃ ╭──────────────────────────────────────────────────────────────────────────────────────────────────────────────────────────╮ ┃
│                              │┃ │ Ask spore something…                                                                                                     │ ┃
│                              │┃ ╰──────────────────────────────────────────────────────────────────────────────────────────────────────────────────────────╯ ┃
╰──────────────────────────────╯┗━━━━━━━━━━━━━━━━━━━━━━━━━━━━━━━━━━━━━━━━━━━━━━━━━━━━━━━━━━━━━━━━━━━━━━━━━━━━━━━━━━━━━━━━━━━━━━━━━━━━━━━━━━━━━━━━━━━━━━━━━━━━━━┛
 INSERT  <enter> send  <ctrl+j> newline  <esc> normal                                                                                                           