spore · a1b2 fix flaky test · chat · /wor… <?> help  <:> cmd
─ chat ─────────────────────────────────────────────────────
› fix the flaky tui test                                    
  Looking at tui_test.go…                                   
▸ read {"path":"cmd/spore/tui_test.go"}  ✓ 3 lines          
▸ bash {"cmd":"go test ./cmd/spore"}  ✗ exit 1              
                                                            
                                                            
                                                            
                                                            
                                                            
                                                            
                                                            
                                                            
                                                            
                                                            
                                                            
                                                            
                                                            
                                                            
╭──────────────────────────────────────────────────────────╮
│ Ask spore something…                                     │
╰──────────────────────────────────────────────────────────╯
 INSERT  <enter> send  <ctrl+j> newline  <esc> normal       