spore · a1b2 fix flaky test · chat · /work/spore                          <n> new  <:> cmd  <?> help
sonnet-5 · ctx 38.0k · 1 blocked                                   <S> skills  <A> agents  <U> usage
                                                                                  <J> jobs  <q> quit
─ chat ─────────────────────────────────────────────────────────────────────────────────────────────
▸ jobs                        │› fix the flaky tui test                                             
/work/spore                   │  Looking at tui_test.go…                                            
◐ c9d0 lint audit         disc│▸ read {"path":"cmd/spore/tui_test.go"}  ✓ 3 lines                   
○ a1b2 fix flaky test     chat│▶ bash {"cmd":"go test ./cmd/spore"}  ✗ exit 1                       
└ ○ 7f3e audit the tests      │    {                                                                
/work/web                     │      "cmd": "go test ./cmd/spore"                                   
○ e5f6 notes              chat│    }                                                                
                              │    exit 1                                                           
                              │    --- FAIL: TestX                                                  
                              │                                                                     
                              │                                                                     
                              │                                                                     
                              │                                                                     
                              │                                                                     
                              │                                                                     
                              │                                                                     
                              │                                                                     
                              │                                                                     
                              │                                                                     
                              │                                                                     
                              │                                                                     
                              │                                                                     
                              │╭───────────────────────────────────────────────────────────────────╮
                              ││ Ask spore something…                                              │
                              │╰───────────────────────────────────────────────────────────────────╯
 NORMAL  <i> type  <j/k> session  <n> new  <?> help                                                 