 spore   chat  skills S  agents A  usage U  jobs J                                                  
┏━ skills(3) · stale · connection refused ━━━━━━━━━━━━━━━━━━━━━━━━━━━━━━━━━━━━━━━━━━━━━━━━━━━━━━━━━┓
┃NAME              LOADED  TOKENS  DESCRIPTION                                                     ┃
┃debug             ✓         1.2k  systematic debugging                                            ┃
┃deploy                       800  ship to fly.io                                                  ┃
┃!                                 gamma: unknown frontmatter key "bad"                            ┃
┃                                                                                                  ┃
┃                                                                                                  ┃
┃                                                                                                  ┃
┃                                                                                                  ┃
┃                                                                                                  ┃
┃                                                                                                  ┃
┃                                                                                                  ┃
┃                                                                                                  ┃
┃                                                                                                  ┃
┃                                                                                                  ┃
┃                                                                                                  ┃
┃                                                                                                  ┃
┃                                                                                                  ┃
┃                                                                                                  ┃
┃                                                                                                  ┃
┃                                                                                                  ┃
┗━━━━━━━━━━━━━━━━━━━━━━━━━━━━━━━━━━━━━━━━━━━━━━━━━━━━━━━━━━━━━━━━━━━━━━━━━━━━━━━━━━━━━━━━━━━━━━━━━━┛
 NORMAL  <enter> open  </> filter  <s> sort  <esc> back                                             