 spore   chat  skills S  agents A  usage U  jobs J                                                  
┏━ jobs(1) ━━━━━━━━━━━━━━━━━━━━━━━━━━━━━━━━━━━━━━━━━━━━━━━━━━━━━━━━━━━━━━━━━━━━━━━━━━━━━━━━━━━━━━━━┓
┃  ID  KIND   SCHEDULE      NEXT RUN   LAST RUN   PROMPT                                           ┃
┃   7  cron   0 9 * * *     in 2h      never      morning briefing                                 ┃
┃                                                                                                  ┃
┃                                                                                                  ┃
┃                                                                                                  ┃
┃                                                                                                  ┃
┃                                 ┏━━━━━━━━━━━━━━━━━━━━━━━━━━━━━┓                                  ┃
┃                                 ┃                             ┃                                  ┃
┃                                 ┃  Cancel job 7?              ┃                                  ┃
┃                                 ┃                             ┃                                  ┃
┃                                 ┃  <y> confirm  <esc> cancel  ┃                                  ┃
┃                                 ┃                             ┃                                  ┃
┃                                 ┗━━━━━━━━━━━━━━━━━━━━━━━━━━━━━┛                                  ┃
┃                                                                                                  ┃
┃                                                                                                  ┃
┃                                                                                                  ┃
┃                                                                                                  ┃
┃                                                                                                  ┃
┃                                                                                                  ┃
┃                                                                                                  ┃
┗━━━━━━━━━━━━━━━━━━━━━━━━━━━━━━━━━━━━━━━━━━━━━━━━━━━━━━━━━━━━━━━━━━━━━━━━━━━━━━━━━━━━━━━━━━━━━━━━━━┛
 CONFIRM  <y> confirm  <esc> cancel                                                                 