spore · a1b2 fix flaky test · chat · /work/spore                          <n> new  <:> cmd  <?> help
                                                                   <S> skills  <A> agents  <U> usage
                                                                                  <J> jobs  <q> quit
─ skills(3) ────────────────────────────────────────────────────────────────────────────────────────
debug                                                                                               
systematic debugging                                                                                
                                                                                                    
# debug                                                                                             
                                                                                                    
Find the root cause first.                                                                          
                                                                                                    
                                                                                                    
                                                                                                    
                                                                                                    
                                                                                                    
                                                                                                    
                                                                                                    
                                                                                                    
                                                                                                    
                                                                                                    
                                                                                                    
                                                                                                    
                                                                                                    
 NORMAL  <enter> open  </> filter  <s> sort  <esc> close                                            