 spore   chat  skills  agents  usage  jobs  refinements  mcp  policy  memory             ◐ 1 blocked
╭─ sessions ───────────────────╮┏━ a1b2 fix flaky test ━━━━━━━━━━━━━━━━━━━━━━━━━━━━━━━━━━━━━━━━━━━━┓
│▸ jobs                        │┃ chat · /work/spore · sonnet-5 · ctx 38.0k                        ┃
│/work/spore                   │┃ › fix the flaky tui test                                         ┃
│◐ c9d0 lint audit         disc│┃   Looking at tui_test.go…                                        ┃
│● a1b2 fix flaky test     chat│┃ ▸ read {"path":"cmd/spore/tui_test.go"}                ✓ 3 lines ┃
│└ ○ 7f3e audit the tests      │┃ ▸ bash {"cmd":"go test ./cmd/spore"}                    ✗ exit 1 ┃
│/work/web                     │┃ ▸ fs_read {"path":"internal/tui/app.go"}         ✓ 3 lines  1.3s ┃
│○ e5f6 notes              chat│┃ The flake is a race                                              ┃
│                              │┃                                                                  ┃
│                              │┃ ⠋ writing · 13s                                                  ┃
│                              │┃                                                                  ┃
│                              │┃                                                                  ┃
│                              │┃                                                                  ┃
│                              │┃                                                                  ┃
│                              │┃                                                                  ┃
│                              │┃                                                                  ┃
│                              │┃                                                                  ┃
│                              │┃                                                                  ┃
│                              │┃ ╭──────────────────────────────────────────────────────────────╮ ┃
│                              │┃ │ Ask spore something…                                         │ ┃
│● working  ◐ blocked  ○ idle  │┃ ╰──────────────────────────────────────────────────────────────╯ ┃
╰──────────────────────────────╯┗━━━━━━━━━━━━━━━━━━━━━━━━━━━━━━━━━━━━━━━━━━━━━━━━━━━━━━━━━━━━━━━━━━┛
 INSERT  enter send  ctrl+j newline  esc stop  esc esc history  alt+esc normal                      